Status Status
Category Category
Help /wiki/g/help/Help/
Guide /help/guide/
Relation SearchRelations?s=
Talk %s/Discussion
User %s
CPAN http://search.cpan.org/
DocBook http://docbook.org/wiki/moin.cgi/
Google http://www.google.com/search?q=
IMDB http://us.imdb.com/Title?
ISBN http://www.amazon.com/exec/obidos/ISBN=
JargonFile http://sunir.org/apps/meta.pl?wiki=JargonFile&redirect=
JiniWiki http://www.cdegroot.com/cgi-bin/jini?
JspWiki http://www.ecyrd.com/JSPWiki/Wiki.jsp?page=
MeatBall http://www.usemod.com/cgi-bin/mb.pl?
MetaWiki http://sunir.org/apps/meta.pl?
MetaWikiPedia http://meta.wikipedia.com/wiki/
MoinMoin http://moinmoin.wikiwikiweb.de/
php-function http://www.php.net/%s
php-lookup http://www.php.net/manual-lookup.php?pattern=
PhpWiki http://phpwiki.sourceforge.net/phpwiki/
PhpWikiCvs http://phpwiki.svn.sourceforge.net/viewvc/phpwiki/trunk/pgsrc/%s?view=log
PhpWikiSvn http://phpwiki.svn.sourceforge.net/viewvc/phpwiki/trunk/pgsrc/%s?view=log
PhpWikiDemo http://phpwiki.sourceforge.net/demo/
PhpWikiTest http://phpwiki.sourceforge.net/test/
SourceForge http://sourceforge.net/
TWiki http://twiki.org/cgi-bin/view/
UseMod http://www.usemod.com/cgi-bin/wiki.pl?
Wiktionary http://wiktionary.org/wiki/
Wiki http://c2.com/cgi/wiki?
WikiLens http://www.wikilens.org/wiki.php/
WikiWikiWireless http://www.andaluciawireless.net/
Wikibooks http://wikibooks.org/wiki/
WikiPedia http://www.wikipedia.com/wiki/
Wikiquote http://wikiquote.org/wiki/
Wikisource http://wikisource.org/wiki/
